---
source: tests/golden.rs
expression: yaml
---
program: |-
  bool Main() {
      return (23 * 44) % 2 == 0;
  }
input: []
int_output: []
char_output: ''
log: |2-
   INFO TICK 0 | PC=0 | MOV.w
   INFO TICK 1 | #99999
   INFO TICK 2 | A7
  DEBUG D [0, 0, 0, 0, 0, 0, 0, 0]
  DEBUG A [0, 0, 0, 0, 0, 0, 0, 99999]
   INFO TICK 3 | PC=12 | MOV.w
   INFO TICK 4 | #40000
   INFO TICK 5 | A5
  DEBUG D [0, 0, 0, 0, 0, 0, 0, 0]
  DEBUG A [0, 0, 0, 0, 0, 40000, 0, 99999]
   INFO TICK 6 | PC=24 | CALL.b
   INFO TICK 7
  DEBUG D [0, 0, 0, 0, 0, 0, 0, 0]
  DEBUG A [0, 0, 0, 0, 0, 40000, 0, 99999]
   INFO TICK 8 | PC=34 | MOV.w
   INFO TICK 9 | A6
   INFO TICK 10 | -(A7)
   INFO TICK 11 | Load (#99998) = 0 | Store (#99998) = 0
  DEBUG D [0, 0, 0, 0, 0, 0, 0, 0]
  DEBUG A [0, 0, 0, 0, 0, 40000, 0, 99998]
   INFO TICK 12 | PC=38 | MOV.w
   INFO TICK 13 | A7
   INFO TICK 14 | A6
  DEBUG D [0, 0, 0, 0, 0, 0, 0, 0]
  DEBUG A [0, 0, 0, 0, 0, 40000, 99998, 99998]
   INFO TICK 15 | PC=42 | SUB.w
   INFO TICK 16 | #0
   INFO TICK 17 | A7
  DEBUG D [0, 0, 0, 0, 0, 0, 0, 0]
  DEBUG A [0, 0, 0, 0, 0, 40000, 99998, 99998]
   INFO TICK 18 | PC=54 | MOV.w
   INFO TICK 19 | (#0)
   INFO TICK 20 | Load (#0) = 23
   INFO TICK 21 | D1
  DEBUG D [0, 23, 0, 0, 0, 0, 0, 0]
  DEBUG A [0, 0, 0, 0, 0, 40000, 99998, 99998]
   INFO TICK 22 | PC=66 | MUL.w
   INFO TICK 23 | (#1)
   INFO TICK 24 | Load (#1) = 44
   INFO TICK 25 | D1
  DEBUG D [0, 1012, 0, 0, 0, 0, 0, 0]
  DEBUG A [0, 0, 0, 0, 0, 40000, 99998, 99998]
   INFO TICK 26 | PC=78 | MOV.w
   INFO TICK 27 | D1
   INFO TICK 28 | D2
  DEBUG D [0, 1012, 1012, 0, 0, 0, 0, 0]
  DEBUG A [0, 0, 0, 0, 0, 40000, 99998, 99998]
   INFO TICK 29 | PC=82 | REM.w
   INFO TICK 30 | (#2)
   INFO TICK 31 | Load (#2) = 2
   INFO TICK 32 | D2
  DEBUG D [0, 1012, 0, 0, 0, 0, 0, 0]
  DEBUG A [0, 0, 0, 0, 0, 40000, 99998, 99998]
   INFO TICK 33 | PC=94 | CMP.w
   INFO TICK 34 | (#3)
   INFO TICK 35 | Load (#3) = 0
   INFO TICK 36 | D2
  DEBUG D [0, 1012, 0, 0, 0, 0, 0, 0]
  DEBUG A [0, 0, 0, 0, 0, 40000, 99998, 99998]
   INFO TICK 37 | PC=106 | BEQ.b
   INFO TICK 38
  DEBUG D [0, 1012, 0, 0, 0, 0, 0, 0]
  DEBUG A [0, 0, 0, 0, 0, 40000, 99998, 99998]
   INFO TICK 39 | PC=136 | MOV.w
   INFO TICK 40 | #1
   INFO TICK 41 | D1
  DEBUG D [0, 1, 0, 0, 0, 0, 0, 0]
  DEBUG A [0, 0, 0, 0, 0, 40000, 99998, 99998]
   INFO TICK 42 | PC=148 | MOV.b
   INFO TICK 43 | D1
   INFO TICK 44 | D0
  DEBUG D [1, 1, 0, 0, 0, 0, 0, 0]
  DEBUG A [0, 0, 0, 0, 0, 40000, 99998, 99998]
   INFO TICK 45 | PC=152 | MOV.w
   INFO TICK 46 | A6
   INFO TICK 47 | A7
  DEBUG D [1, 1, 0, 0, 0, 0, 0, 0]
  DEBUG A [0, 0, 0, 0, 0, 40000, 99998, 99998]
   INFO TICK 48 | PC=156 | MOV.w
   INFO TICK 49 | (A7)+
   INFO TICK 50 | Load (#99998) = 0
   INFO TICK 51 | A6
  DEBUG D [1, 1, 0, 0, 0, 0, 0, 0]
  DEBUG A [0, 0, 0, 0, 0, 40000, 0, 99999]
   INFO TICK 52 | PC=160 | RET.b
   INFO TICK 53
  DEBUG D [1, 1, 0, 0, 0, 0, 0, 0]
  DEBUG A [0, 0, 0, 0, 0, 40000, 0, 99999]
   INFO TICK 54 | PC=33 | HLT.b
   INFO TICK 55 | Result : 1
