---
source: tests/golden.rs
expression: formatted
---
in_source: "int res = 0;\n\nvoid interrupt0() {\n    res = in(0);\n    return;\n}\n\nint Main() {\n    while (res == 0) {\n    \n    }\n    return res;\n}"
out_log: |
   INFO TICK 0 | PC=0 | MOV.w
   INFO TICK 1 | #99999
   INFO TICK 2 | A7
  DEBUG D [0, 0, 0, 0, 0, 0, 0, 0]
  DEBUG A [0, 0, 0, 0, 0, 0, 0, 99999]
   INFO TICK 3 | PC=12 | MOV.w
   INFO TICK 4 | #40000
   INFO TICK 5 | A5
  DEBUG D [0, 0, 0, 0, 0, 0, 0, 0]
  DEBUG A [0, 0, 0, 0, 0, 40000, 0, 99999]
   INFO TICK 6 | PC=24 | CALL.b
   INFO TICK 7
  DEBUG D [0, 0, 0, 0, 0, 0, 0, 0]
  DEBUG A [0, 0, 0, 0, 0, 40000, 0, 99999]
   INFO TICK 8 | PC=79 | MOV.w
   INFO TICK 9 | (#8)
   INFO TICK 10 | Load (#8) = 0
   INFO TICK 11 | (#0)
   INFO TICK 12 | Load (#0) = 0 | Store (#0) = 0
  DEBUG D [0, 0, 0, 0, 0, 0, 0, 0]
  DEBUG A [0, 0, 0, 0, 0, 40000, 0, 99999]
   INFO TICK 13 | PC=99 | MOV.w
   INFO TICK 14 | A6
   INFO TICK 15 | -(A7)
   INFO TICK 16 | Load (#99991) = 0 | Store (#99991) = 0
  DEBUG D [0, 0, 0, 0, 0, 0, 0, 0]
  DEBUG A [0, 0, 0, 0, 0, 40000, 0, 99991]
   INFO TICK 17 | PC=103 | MOVA.w
   INFO TICK 18 | A7
   INFO TICK 19 | A6
  DEBUG D [0, 0, 0, 0, 0, 0, 0, 0]
  DEBUG A [0, 0, 0, 0, 0, 40000, 99991, 99991]
   INFO TICK 20 | PC=107 | SUB.w
   INFO TICK 21 | #0
   INFO TICK 22 | A7
  DEBUG D [0, 0, 0, 0, 0, 0, 0, 0]
  DEBUG A [0, 0, 0, 0, 0, 40000, 99991, 99991]
   INFO TICK 23 | PC=119 | JMP.b
   INFO TICK 24
  DEBUG D [0, 0, 0, 0, 0, 0, 0, 0]
  DEBUG A [0, 0, 0, 0, 0, 40000, 99991, 99991]
   INFO TICK 25 | PC=128 | MOV.w
   INFO TICK 26 | (#0)
   INFO TICK 27 | Load (#0) = 0
   INFO TICK 28 | D1
  DEBUG D [0, 0, 0, 0, 0, 0, 0, 0]
  DEBUG A [0, 0, 0, 0, 0, 40000, 99991, 99991]
   INFO TICK 29 | PC=140 | CMP.w
   INFO TICK 30 | (#8)
   INFO TICK 31 | Load (#8) = 0
   INFO TICK 32 | D1
  DEBUG D [0, 0, 0, 0, 0, 0, 0, 0]
  DEBUG A [0, 0, 0, 0, 0, 40000, 99991, 99991]
   INFO TICK 33 | PC=152 | BEQ.b
   INFO TICK 34
  DEBUG D [0, 0, 0, 0, 0, 0, 0, 0]
  DEBUG A [0, 0, 0, 0, 0, 40000, 99991, 99991]
   INFO TICK 35 | PC=182 | MOV.w
   INFO TICK 36 | #1
   INFO TICK 37 | D1
  DEBUG D [0, 1, 0, 0, 0, 0, 0, 0]
  DEBUG A [0, 0, 0, 0, 0, 40000, 99991, 99991]
   INFO TICK 38 | PC=194 | CMP.w
   INFO TICK 39 | D1
   INFO TICK 40 | #1
  DEBUG D [0, 1, 0, 0, 0, 0, 0, 0]
  DEBUG A [0, 0, 0, 0, 0, 40000, 99991, 99991]
   INFO TICK 41 | PC=206 | BEQ.b
   INFO TICK 42
  DEBUG D [0, 1, 0, 0, 0, 0, 0, 0]
  DEBUG A [0, 0, 0, 0, 0, 40000, 99991, 99991]
   INFO TICK 43 | PC=224 | JMP.b
   INFO TICK 44
  DEBUG D [0, 1, 0, 0, 0, 0, 0, 0]
  DEBUG A [0, 0, 0, 0, 0, 40000, 99991, 99991]
   INFO TICK 45 | PC=128 | MOV.w
   INFO TICK 46 | (#0)
   INFO TICK 47 | Load (#0) = 0
   INFO TICK 48 | D1
  DEBUG D [0, 0, 0, 0, 0, 0, 0, 0]
  DEBUG A [0, 0, 0, 0, 0, 40000, 99991, 99991]
   INFO TICK 49 | PC=140 | CMP.w
   INFO TICK 50 | (#8)
   INFO TICK 51 | Load (#8) = 0
   INFO TICK 52 | D1
  DEBUG D [0, 0, 0, 0, 0, 0, 0, 0]
  DEBUG A [0, 0, 0, 0, 0, 40000, 99991, 99991]
   INFO TICK 53 | PC=152 | BEQ.b
   INFO TICK 54
  DEBUG D [0, 0, 0, 0, 0, 0, 0, 0]
  DEBUG A [0, 0, 0, 0, 0, 40000, 99991, 99991]
   INFO TICK 55 | PC=182 | MOV.w
   INFO TICK 56 | #1
   INFO TICK 57 | D1
  DEBUG D [0, 1, 0, 0, 0, 0, 0, 0]
  DEBUG A [0, 0, 0, 0, 0, 40000, 99991, 99991]
   INFO TICK 58 | PC=194 | CMP.w
   INFO TICK 59 | D1
   INFO TICK 60 | #1
  DEBUG D [0, 1, 0, 0, 0, 0, 0, 0]
  DEBUG A [0, 0, 0, 0, 0, 40000, 99991, 99991]
   INFO TICK 61 | PC=206 | BEQ.b
   INFO TICK 62
  DEBUG D [0, 1, 0, 0, 0, 0, 0, 0]
  DEBUG A [0, 0, 0, 0, 0, 40000, 99991, 99991]
   INFO TICK 63 | INTERRUPT
   INFO TICK 64
  DEBUG D [0, 1, 0, 0, 0, 0, 0, 0]
  DEBUG A [0, 0, 0, 0, 0, 40000, 99991, 99990]
   INFO TICK 65 | PC=34 | MOV.w
   INFO TICK 66 | A6
   INFO TICK 67 | -(A7)
   INFO TICK 68 | Load (#99982) = 0 | Store (#99982) = 99991
  DEBUG D [0, 1, 0, 0, 0, 0, 0, 0]
  DEBUG A [0, 0, 0, 0, 0, 40000, 99991, 99982]
   INFO TICK 69 | PC=38 | MOVA.w
   INFO TICK 70 | A7
   INFO TICK 71 | A6
  DEBUG D [0, 1, 0, 0, 0, 0, 0, 0]
  DEBUG A [0, 0, 0, 0, 0, 40000, 99982, 99982]
   INFO TICK 72 | PC=42 | SUB.w
   INFO TICK 73 | #0
   INFO TICK 74 | A7
  DEBUG D [0, 1, 0, 0, 0, 0, 0, 0]
  DEBUG A [0, 0, 0, 0, 0, 40000, 99982, 99982]
   INFO TICK 75 | PC=54 | IN.w
   INFO TICK 76 | IN #1 | D1
  DEBUG D [0, 1, 0, 0, 0, 0, 0, 0]
  DEBUG A [0, 0, 0, 0, 0, 40000, 99982, 99982]
   INFO TICK 77 | PC=58 | MOV.w
   INFO TICK 78 | D1
   INFO TICK 79 | (#0)
   INFO TICK 80 | Load (#0) = 0 | Store (#0) = 1
  DEBUG D [0, 1, 0, 0, 0, 0, 0, 0]
  DEBUG A [0, 0, 0, 0, 0, 40000, 99982, 99982]
   INFO TICK 81 | PC=70 | MOVA.w
   INFO TICK 82 | A6
   INFO TICK 83 | A7
  DEBUG D [0, 1, 0, 0, 0, 0, 0, 0]
  DEBUG A [0, 0, 0, 0, 0, 40000, 99982, 99982]
   INFO TICK 84 | PC=74 | MOVA.w
   INFO TICK 85 | (A7)+
   INFO TICK 86 | Load (#99982) = 99991
   INFO TICK 87 | A6
  DEBUG D [0, 1, 0, 0, 0, 0, 0, 0]
  DEBUG A [0, 0, 0, 0, 0, 40000, 99991, 99990]
   INFO TICK 88 | PC=78 | INTRET.b
   INFO TICK 89
   INFO TICK 90
  DEBUG D [0, 1, 0, 0, 0, 0, 0, 0]
  DEBUG A [0, 0, 0, 0, 0, 40000, 99991, 99991]
   INFO TICK 91 | PC=224 | JMP.b
   INFO TICK 92
  DEBUG D [0, 1, 0, 0, 0, 0, 0, 0]
  DEBUG A [0, 0, 0, 0, 0, 40000, 99991, 99991]
   INFO TICK 93 | PC=128 | MOV.w
   INFO TICK 94 | (#0)
   INFO TICK 95 | Load (#0) = 1
   INFO TICK 96 | D1
  DEBUG D [0, 1, 0, 0, 0, 0, 0, 0]
  DEBUG A [0, 0, 0, 0, 0, 40000, 99991, 99991]
   INFO TICK 97 | PC=140 | CMP.w
   INFO TICK 98 | (#8)
   INFO TICK 99 | Load (#8) = 0
   INFO TICK 100 | D1
  DEBUG D [0, 1, 0, 0, 0, 0, 0, 0]
  DEBUG A [0, 0, 0, 0, 0, 40000, 99991, 99991]
   INFO TICK 101 | PC=152 | BEQ.b
   INFO TICK 102
  DEBUG D [0, 1, 0, 0, 0, 0, 0, 0]
  DEBUG A [0, 0, 0, 0, 0, 40000, 99991, 99991]
   INFO TICK 103 | PC=161 | MOV.w
   INFO TICK 104 | #0
   INFO TICK 105 | D1
  DEBUG D [0, 0, 0, 0, 0, 0, 0, 0]
  DEBUG A [0, 0, 0, 0, 0, 40000, 99991, 99991]
   INFO TICK 106 | PC=173 | JMP.b
   INFO TICK 107
  DEBUG D [0, 0, 0, 0, 0, 0, 0, 0]
  DEBUG A [0, 0, 0, 0, 0, 40000, 99991, 99991]
   INFO TICK 108 | PC=194 | CMP.w
   INFO TICK 109 | D1
   INFO TICK 110 | #1
  DEBUG D [0, 0, 0, 0, 0, 0, 0, 0]
  DEBUG A [0, 0, 0, 0, 0, 40000, 99991, 99991]
   INFO TICK 111 | PC=206 | BEQ.b
   INFO TICK 112
  DEBUG D [0, 0, 0, 0, 0, 0, 0, 0]
  DEBUG A [0, 0, 0, 0, 0, 40000, 99991, 99991]
   INFO TICK 113 | PC=215 | JMP.b
   INFO TICK 114
  DEBUG D [0, 0, 0, 0, 0, 0, 0, 0]
  DEBUG A [0, 0, 0, 0, 0, 40000, 99991, 99991]
   INFO TICK 115 | PC=233 | MOV.w
   INFO TICK 116 | (#0)
   INFO TICK 117 | Load (#0) = 1
   INFO TICK 118 | D1
  DEBUG D [0, 1, 0, 0, 0, 0, 0, 0]
  DEBUG A [0, 0, 0, 0, 0, 40000, 99991, 99991]
   INFO TICK 119 | PC=245 | MOV.w
   INFO TICK 120 | D1
   INFO TICK 121 | D0
  DEBUG D [1, 1, 0, 0, 0, 0, 0, 0]
  DEBUG A [0, 0, 0, 0, 0, 40000, 99991, 99991]
   INFO TICK 122 | PC=249 | MOVA.w
   INFO TICK 123 | A6
   INFO TICK 124 | A7
  DEBUG D [1, 1, 0, 0, 0, 0, 0, 0]
  DEBUG A [0, 0, 0, 0, 0, 40000, 99991, 99991]
   INFO TICK 125 | PC=253 | MOVA.w
   INFO TICK 126 | (A7)+
   INFO TICK 127 | Load (#99991) = 0
   INFO TICK 128 | A6
  DEBUG D [1, 1, 0, 0, 0, 0, 0, 0]
  DEBUG A [0, 0, 0, 0, 0, 40000, 0, 99999]
   INFO TICK 129 | PC=257 | RET.b
   INFO TICK 130
  DEBUG D [1, 1, 0, 0, 0, 0, 0, 0]
  DEBUG A [0, 0, 0, 0, 0, 40000, 0, 99999]
   INFO TICK 131 | PC=33 | HLT.b
   INFO TICK 132 | Result : 1
