---
source: tests/ir_tests.rs
expression: "format!(\"{:#?}\", cfg)"
---
ControlFlowGraph {
    register_counter: 30,
    blocks: [
        HirBlock {
            id: 0,
            instructions: [
                CallPrologue,
                StackAllocate {
                    slot: StackSlot(
                        0,
                    ),
                },
                LoadParameter {
                    destination: HirRegister(
                        0,
                    ),
                    index: 0,
                },
                StackStore {
                    slot: StackSlot(
                        0,
                    ),
                    value: Value(
                        HirRegister(
                            0,
                        ),
                    ),
                },
                StackLoad {
                    destination: HirRegister(
                        1,
                    ),
                    slot: StackSlot(
                        0,
                    ),
                },
                BinaryOperator {
                    destination: HirRegister(
                        2,
                    ),
                    left: Value(
                        HirRegister(
                            1,
                        ),
                    ),
                    operator: Add,
                    right: Constant(
                        "5",
                    ),
                },
            ],
            terminator: Some(
                Return(
                    Some(
                        Value(
                            HirRegister(
                                2,
                            ),
                        ),
                    ),
                ),
            ),
            predecessors: [],
            successors: [],
        },
        HirBlock {
            id: 1,
            instructions: [
                CallPrologue,
                StackAllocate {
                    slot: StackSlot(
                        1,
                    ),
                },
                StackStore {
                    slot: StackSlot(
                        1,
                    ),
                    value: Constant(
                        "0",
                    ),
                },
                StackAllocate {
                    slot: StackSlot(
                        2,
                    ),
                },
                StackStore {
                    slot: StackSlot(
                        2,
                    ),
                    value: Constant(
                        "1",
                    ),
                },
                StackLoad {
                    destination: HirRegister(
                        3,
                    ),
                    slot: StackSlot(
                        1,
                    ),
                },
                StackLoad {
                    destination: HirRegister(
                        4,
                    ),
                    slot: StackSlot(
                        2,
                    ),
                },
                BinaryOperator {
                    destination: HirRegister(
                        5,
                    ),
                    left: Value(
                        HirRegister(
                            3,
                        ),
                    ),
                    operator: Greater,
                    right: Value(
                        HirRegister(
                            4,
                        ),
                    ),
                },
            ],
            terminator: Some(
                Branch {
                    condition: Value(
                        HirRegister(
                            5,
                        ),
                    ),
                    true_block: 2,
                    false_block: 3,
                },
            ),
            predecessors: [],
            successors: [
                2,
                3,
            ],
        },
        HirBlock {
            id: 2,
            instructions: [
                StackLoad {
                    destination: HirRegister(
                        6,
                    ),
                    slot: StackSlot(
                        1,
                    ),
                },
                BinaryOperator {
                    destination: HirRegister(
                        7,
                    ),
                    left: Value(
                        HirRegister(
                            6,
                        ),
                    ),
                    operator: Add,
                    right: Constant(
                        "1",
                    ),
                },
                StackLoad {
                    destination: HirRegister(
                        8,
                    ),
                    slot: StackSlot(
                        2,
                    ),
                },
                BinaryOperator {
                    destination: HirRegister(
                        9,
                    ),
                    left: Value(
                        HirRegister(
                            7,
                        ),
                    ),
                    operator: Greater,
                    right: Value(
                        HirRegister(
                            8,
                        ),
                    ),
                },
            ],
            terminator: Some(
                Branch {
                    condition: Value(
                        HirRegister(
                            9,
                        ),
                    ),
                    true_block: 4,
                    false_block: 5,
                },
            ),
            predecessors: [
                1,
            ],
            successors: [
                4,
                5,
            ],
        },
        HirBlock {
            id: 3,
            instructions: [
                StackLoad {
                    destination: HirRegister(
                        10,
                    ),
                    slot: StackSlot(
                        1,
                    ),
                },
                StackLoad {
                    destination: HirRegister(
                        11,
                    ),
                    slot: StackSlot(
                        2,
                    ),
                },
                BinaryOperator {
                    destination: HirRegister(
                        12,
                    ),
                    left: Value(
                        HirRegister(
                            10,
                        ),
                    ),
                    operator: Less,
                    right: Value(
                        HirRegister(
                            11,
                        ),
                    ),
                },
            ],
            terminator: Some(
                Branch {
                    condition: Value(
                        HirRegister(
                            12,
                        ),
                    ),
                    true_block: 7,
                    false_block: 8,
                },
            ),
            predecessors: [
                1,
                6,
            ],
            successors: [
                7,
                8,
            ],
        },
        HirBlock {
            id: 4,
            instructions: [],
            terminator: Some(
                Jump(
                    5,
                ),
            ),
            predecessors: [
                2,
            ],
            successors: [
                5,
            ],
        },
        HirBlock {
            id: 5,
            instructions: [],
            terminator: Some(
                Jump(
                    6,
                ),
            ),
            predecessors: [
                2,
                4,
            ],
            successors: [
                6,
            ],
        },
        HirBlock {
            id: 6,
            instructions: [],
            terminator: Some(
                Jump(
                    3,
                ),
            ),
            predecessors: [
                5,
            ],
            successors: [
                3,
            ],
        },
        HirBlock {
            id: 7,
            instructions: [],
            terminator: Some(
                Jump(
                    8,
                ),
            ),
            predecessors: [
                3,
            ],
            successors: [
                8,
            ],
        },
        HirBlock {
            id: 8,
            instructions: [],
            terminator: Some(
                Jump(
                    9,
                ),
            ),
            predecessors: [
                3,
                7,
            ],
            successors: [
                9,
            ],
        },
        HirBlock {
            id: 9,
            instructions: [],
            terminator: Some(
                Jump(
                    10,
                ),
            ),
            predecessors: [
                8,
            ],
            successors: [
                10,
            ],
        },
        HirBlock {
            id: 10,
            instructions: [],
            terminator: Some(
                Jump(
                    11,
                ),
            ),
            predecessors: [
                9,
            ],
            successors: [
                11,
            ],
        },
        HirBlock {
            id: 11,
            instructions: [],
            terminator: Some(
                Branch {
                    condition: Constant(
                        "true",
                    ),
                    true_block: 12,
                    false_block: 13,
                },
            ),
            predecessors: [
                10,
                19,
            ],
            successors: [
                12,
                13,
            ],
        },
        HirBlock {
            id: 12,
            instructions: [
                StackLoad {
                    destination: HirRegister(
                        13,
                    ),
                    slot: StackSlot(
                        1,
                    ),
                },
                BinaryOperator {
                    destination: HirRegister(
                        14,
                    ),
                    left: Value(
                        HirRegister(
                            13,
                        ),
                    ),
                    operator: Equal,
                    right: Constant(
                        "9",
                    ),
                },
            ],
            terminator: Some(
                Branch {
                    condition: Value(
                        HirRegister(
                            14,
                        ),
                    ),
                    true_block: 14,
                    false_block: 15,
                },
            ),
            predecessors: [
                11,
            ],
            successors: [
                14,
                15,
            ],
        },
        HirBlock {
            id: 13,
            instructions: [
                StackAllocate {
                    slot: StackSlot(
                        3,
                    ),
                },
                StackStore {
                    slot: StackSlot(
                        3,
                    ),
                    value: Constant(
                        "2",
                    ),
                },
            ],
            terminator: Some(
                Jump(
                    20,
                ),
            ),
            predecessors: [
                11,
                16,
            ],
            successors: [
                20,
            ],
        },
        HirBlock {
            id: 14,
            instructions: [
                StackLoad {
                    destination: HirRegister(
                        15,
                    ),
                    slot: StackSlot(
                        1,
                    ),
                },
                BinaryOperator {
                    destination: HirRegister(
                        16,
                    ),
                    left: Value(
                        HirRegister(
                            15,
                        ),
                    ),
                    operator: Add,
                    right: Constant(
                        "1",
                    ),
                },
                StackStore {
                    slot: StackSlot(
                        1,
                    ),
                    value: Value(
                        HirRegister(
                            16,
                        ),
                    ),
                },
            ],
            terminator: Some(
                Jump(
                    15,
                ),
            ),
            predecessors: [
                12,
            ],
            successors: [
                15,
            ],
        },
        HirBlock {
            id: 15,
            instructions: [
                StackLoad {
                    destination: HirRegister(
                        17,
                    ),
                    slot: StackSlot(
                        1,
                    ),
                },
                BinaryOperator {
                    destination: HirRegister(
                        18,
                    ),
                    left: Value(
                        HirRegister(
                            17,
                        ),
                    ),
                    operator: Equal,
                    right: Constant(
                        "10",
                    ),
                },
            ],
            terminator: Some(
                Branch {
                    condition: Value(
                        HirRegister(
                            18,
                        ),
                    ),
                    true_block: 16,
                    false_block: 17,
                },
            ),
            predecessors: [
                12,
                14,
            ],
            successors: [
                16,
                17,
            ],
        },
        HirBlock {
            id: 16,
            instructions: [],
            terminator: Some(
                Jump(
                    13,
                ),
            ),
            predecessors: [
                15,
            ],
            successors: [
                13,
            ],
        },
        HirBlock {
            id: 17,
            instructions: [],
            terminator: Some(
                Jump(
                    18,
                ),
            ),
            predecessors: [
                15,
            ],
            successors: [
                18,
            ],
        },
        HirBlock {
            id: 18,
            instructions: [],
            terminator: Some(
                Jump(
                    19,
                ),
            ),
            predecessors: [
                17,
            ],
            successors: [
                19,
            ],
        },
        HirBlock {
            id: 19,
            instructions: [
                StackLoad {
                    destination: HirRegister(
                        19,
                    ),
                    slot: StackSlot(
                        1,
                    ),
                },
                BinaryOperator {
                    destination: HirRegister(
                        20,
                    ),
                    left: Value(
                        HirRegister(
                            19,
                        ),
                    ),
                    operator: Add,
                    right: Constant(
                        "1",
                    ),
                },
                Call {
                    destination: HirRegister(
                        21,
                    ),
                    block: 0,
                    arguments: [
                        Value(
                            HirRegister(
                                20,
                            ),
                        ),
                    ],
                },
                StackStore {
                    slot: StackSlot(
                        1,
                    ),
                    value: Value(
                        HirRegister(
                            21,
                        ),
                    ),
                },
            ],
            terminator: Some(
                Jump(
                    11,
                ),
            ),
            predecessors: [
                18,
            ],
            successors: [
                11,
            ],
        },
        HirBlock {
            id: 20,
            instructions: [
                StackLoad {
                    destination: HirRegister(
                        22,
                    ),
                    slot: StackSlot(
                        3,
                    ),
                },
                BinaryOperator {
                    destination: HirRegister(
                        23,
                    ),
                    left: Value(
                        HirRegister(
                            22,
                        ),
                    ),
                    operator: Less,
                    right: Constant(
                        "10",
                    ),
                },
            ],
            terminator: Some(
                Branch {
                    condition: Value(
                        HirRegister(
                            23,
                        ),
                    ),
                    true_block: 21,
                    false_block: 22,
                },
            ),
            predecessors: [
                13,
                21,
            ],
            successors: [
                21,
                22,
            ],
        },
        HirBlock {
            id: 21,
            instructions: [
                StackLoad {
                    destination: HirRegister(
                        24,
                    ),
                    slot: StackSlot(
                        1,
                    ),
                },
                StackLoad {
                    destination: HirRegister(
                        25,
                    ),
                    slot: StackSlot(
                        1,
                    ),
                },
                BinaryOperator {
                    destination: HirRegister(
                        26,
                    ),
                    left: Value(
                        HirRegister(
                            25,
                        ),
                    ),
                    operator: Add,
                    right: Constant(
                        "2",
                    ),
                },
                BinaryOperator {
                    destination: HirRegister(
                        27,
                    ),
                    left: Value(
                        HirRegister(
                            24,
                        ),
                    ),
                    operator: Add,
                    right: Value(
                        HirRegister(
                            26,
                        ),
                    ),
                },
                StackLoad {
                    destination: HirRegister(
                        28,
                    ),
                    slot: StackSlot(
                        3,
                    ),
                },
                BinaryOperator {
                    destination: HirRegister(
                        29,
                    ),
                    left: Value(
                        HirRegister(
                            28,
                        ),
                    ),
                    operator: Add,
                    right: Constant(
                        "1",
                    ),
                },
                StackStore {
                    slot: StackSlot(
                        3,
                    ),
                    value: Value(
                        HirRegister(
                            29,
                        ),
                    ),
                },
            ],
            terminator: Some(
                Jump(
                    20,
                ),
            ),
            predecessors: [
                20,
            ],
            successors: [
                20,
            ],
        },
        HirBlock {
            id: 22,
            instructions: [],
            terminator: Some(
                Return(
                    None,
                ),
            ),
            predecessors: [
                20,
            ],
            successors: [],
        },
    ],
    entry_block: 1,
}
