---
source: tests/golden.rs
expression: yaml
---
program: |-
  void Main() {
      int[4] a = [1, 2, 3, 4];
      int[4] b = [-1001, 1002, -1003, 1004];
      int[4] c = [0, 500, -1000, 1005];

      int[4] d = a + b;
      int[4] e = ((d >= c) & d) * a;

      for (int i = 0; i < 4; i++) {
          iout(4, e[i]);
      }

      return;
  }
ticks: 402
input: []
int_output:
- -1000
- 0
- -3000
- 0
char_output: ''
data_section:
- 1
- 2
- 3
- 4
- -1001
- 1002
- -1003
- 1004
- 0
- 500
- -1000
- 1005
- 0
- 48
- 4
- 1
machine_code: |-
  0x0000 | 03005C00 0001869F                   | MOV.l #99999, A7                    | A7 <- 99999
  0x0002 | 03005400 000003E8                   | MOV.l #1000, A5                     | A5 <- 1000
  0x0004 | 42000000 00000007                   | CALL 0x7                            | MEM[--A7] <- PC + 1; PC <- 0x7
  0x0006 | 00000000                            | HLT                                 | Остановка выполнения процессора
  0x0007 | 0358BC00                            | MOV.l A6, -(A7)                     | MEM[--A7] <- A6
  0x0008 | 035C5800                            | MOV.l A7, A6                        | A6 <- A7
  0x0009 | 255C005C 00000006                   | SUB.l A7, #6, A7                    | A7 <- A7 - 6
  0x000B | 21540054 00000003                   | ADD.l A5, #3, A5                    | A5 <- A5 + 3
  0x000D | 2D540054 FFFFFFFC                   | AND.l A5, #-4, A5                   | A5 <- A5 & -4
  0x000F | 03544000                            | MOV.l A5, A0                        | A0 <- A5
  0x0010 | 21540054 00000004                   | ADD.l A5, #4, A5                    | A5 <- A5 + 4
  0x0012 | 03E0C000 00000000 00000000          | MOV.l (#0), (A0:#0)                 | MEM[A0 + 0] <- MEM[0]
  0x0015 | 03E0C000 00000001 00000001          | MOV.l (#1), (A0:#1)                 | MEM[A0 + 1] <- MEM[1]
  0x0018 | 03E0C000 00000002 00000002          | MOV.l (#2), (A0:#2)                 | MEM[A0 + 2] <- MEM[2]
  0x001B | 03E0C000 00000003 00000003          | MOV.l (#3), (A0:#3)                 | MEM[A0 + 3] <- MEM[3]
  0x001E | 0340D800 FFFFFFFF                   | MOV.l A0, (A6:#-1)                  | MEM[A6 + -1] <- A0
  0x0020 | 21540054 00000003                   | ADD.l A5, #3, A5                    | A5 <- A5 + 3
  0x0022 | 2D540054 FFFFFFFC                   | AND.l A5, #-4, A5                   | A5 <- A5 & -4
  0x0024 | 03544000                            | MOV.l A5, A0                        | A0 <- A5
  0x0025 | 21540054 00000004                   | ADD.l A5, #4, A5                    | A5 <- A5 + 4
  0x0027 | 03E0C000 00000004 00000000          | MOV.l (#4), (A0:#0)                 | MEM[A0 + 0] <- MEM[4]
  0x002A | 03E0C000 00000005 00000001          | MOV.l (#5), (A0:#1)                 | MEM[A0 + 1] <- MEM[5]
  0x002D | 03E0C000 00000006 00000002          | MOV.l (#6), (A0:#2)                 | MEM[A0 + 2] <- MEM[6]
  0x0030 | 03E0C000 00000007 00000003          | MOV.l (#7), (A0:#3)                 | MEM[A0 + 3] <- MEM[7]
  0x0033 | 0340D800 FFFFFFFE                   | MOV.l A0, (A6:#-2)                  | MEM[A6 + -2] <- A0
  0x0035 | 21540054 00000003                   | ADD.l A5, #3, A5                    | A5 <- A5 + 3
  0x0037 | 2D540054 FFFFFFFC                   | AND.l A5, #-4, A5                   | A5 <- A5 & -4
  0x0039 | 03544000                            | MOV.l A5, A0                        | A0 <- A5
  0x003A | 21540054 00000004                   | ADD.l A5, #4, A5                    | A5 <- A5 + 4
  0x003C | 03E0C000 00000008 00000000          | MOV.l (#8), (A0:#0)                 | MEM[A0 + 0] <- MEM[8]
  0x003F | 03E0C000 00000009 00000001          | MOV.l (#9), (A0:#1)                 | MEM[A0 + 1] <- MEM[9]
  0x0042 | 03E0C000 0000000A 00000002          | MOV.l (#10), (A0:#2)                | MEM[A0 + 2] <- MEM[10]
  0x0045 | 03E0C000 0000000B 00000003          | MOV.l (#11), (A0:#3)                | MEM[A0 + 3] <- MEM[11]
  0x0048 | 0340D800 FFFFFFFD                   | MOV.l A0, (A6:#-3)                  | MEM[A6 + -3] <- A0
  0x004A | 03544000                            | MOV.l A5, A0                        | A0 <- A5
  0x004B | 21540054 00000004                   | ADD.l A5, #4, A5                    | A5 <- A5 + 4
  0x004D | 81D8D840 FFFFFFFF FFFFFFFE          | VADD (A6:#-1), (A6:#-2), A0         | for i in 0..4 do MEM[A0 + i] <- MEM[MEM[A6 + -1] + i] + MEM[MEM[A6 + -2] + i]
  0x0050 | 0340D800 FFFFFFFC                   | MOV.l A0, (A6:#-4)                  | MEM[A6 + -4] <- A0
  0x0052 | 03544000                            | MOV.l A5, A0                        | A0 <- A5
  0x0053 | 21540054 00000004                   | ADD.l A5, #4, A5                    | A5 <- A5 + 4
  0x0055 | C7D8D840 FFFFFFFC FFFFFFFD          | VCMPBGE (A6:#-4), (A6:#-3), A0      | for i in 0..4 do MEM[A0 + i] <- MEM[MEM[A6 + -4] + i] >= MEM[MEM[A6 + -3] + i] ? TRUE_MASK : 0x0
  0x0058 | 03544400                            | MOV.l A5, A1                        | A1 <- A5
  0x0059 | 21540054 00000004                   | ADD.l A5, #4, A5                    | A5 <- A5 + 4
  0x005B | 8D40D844 FFFFFFFC                   | VAND A0, (A6:#-4), A1               | for i in 0..4 do MEM[A1 + i] <- MEM[A0 + i] & MEM[MEM[A6 + -4] + i]
  0x005D | 03544000                            | MOV.l A5, A0                        | A0 <- A5
  0x005E | 21540054 00000004                   | ADD.l A5, #4, A5                    | A5 <- A5 + 4
  0x0060 | 8744D840 FFFFFFFF                   | VMUL A1, (A6:#-1), A0               | for i in 0..4 do MEM[A0 + i] <- MEM[A1 + i] * MEM[MEM[A6 + -1] + i]
  0x0062 | 0340D800 FFFFFFFB                   | MOV.l A0, (A6:#-5)                  | MEM[A6 + -5] <- A0
  0x0064 | 03E0D800 0000000C FFFFFFFA          | MOV.l (#12), (A6:#-6)               | MEM[A6 + -6] <- MEM[12]
  0x0067 | 40000000 00000089                   | JMP 0x89                            | PC <- 0x89
  0x0069 | 0358BC00                            | MOV.l A6, -(A7)                     | MEM[--A7] <- A6
  0x006A | 035C5800                            | MOV.l A7, A6                        | A6 <- A7
  0x006B | 255C005C 00000000                   | SUB.l A7, #0, A7                    | A7 <- A7 - 0
  0x006D | 03E02000 0000000C                   | MOV.l (#12), D0                     | D0 <- MEM[12]
  0x006F | 03585C00                            | MOV.l A6, A7                        | A7 <- A6
  0x0070 | 039C5800                            | MOV.l (A7)+, A6                     | A6 <- MEM[A7++]
  0x0071 | 44000000                            | RET                                 | PC <- MEM[A7++]
  0x0072 | 0358BC00                            | MOV.l A6, -(A7)                     | MEM[--A7] <- A6
  0x0073 | 035C5800                            | MOV.l A7, A6                        | A6 <- A7
  0x0074 | 255C005C 00000000                   | SUB.l A7, #0, A7                    | A7 <- A7 - 0
  0x0076 | 02E02000 0000000D                   | MOV.b (#13), D0                     | D0 <- MEM[13]
  0x0078 | 03585C00                            | MOV.l A6, A7                        | A7 <- A6
  0x0079 | 039C5800                            | MOV.l (A7)+, A6                     | A6 <- MEM[A7++]
  0x007A | 44000000                            | RET                                 | PC <- MEM[A7++]
  0x007B | 0358BC00                            | MOV.l A6, -(A7)                     | MEM[--A7] <- A6
  0x007C | 035C5800                            | MOV.l A7, A6                        | A6 <- A7
  0x007D | 255C005C 00000000                   | SUB.l A7, #0, A7                    | A7 <- A7 - 0
  0x007F | 03585C00                            | MOV.l A6, A7                        | A7 <- A6
  0x0080 | 039C5800                            | MOV.l (A7)+, A6                     | A6 <- MEM[A7++]
  0x0081 | 44000000                            | RET                                 | PC <- MEM[A7++]
  0x0082 | 0358BC00                            | MOV.l A6, -(A7)                     | MEM[--A7] <- A6
  0x0083 | 035C5800                            | MOV.l A7, A6                        | A6 <- A7
  0x0084 | 255C005C 00000000                   | SUB.l A7, #0, A7                    | A7 <- A7 - 0
  0x0086 | 03585C00                            | MOV.l A6, A7                        | A7 <- A6
  0x0087 | 039C5800                            | MOV.l (A7)+, A6                     | A6 <- MEM[A7++]
  0x0088 | 44000000                            | RET                                 | PC <- MEM[A7++]
  0x0089 | 05E0D800 0000000E FFFFFFFA          | CMP.l (#14), (A6:#-6)               | NZCV <- MEM[14] - MEM[A6 + -6]
  0x008C | 68000000 00000092                   | BLT 0x92                            | if N == 1 then PC <- 0x92
  0x008E | 03002400 00000000                   | MOV.l #0, D1                        | D1 <- 0
  0x0090 | 40000000 00000094                   | JMP 0x94                            | PC <- 0x94
  0x0092 | 03002400 00000001                   | MOV.l #1, D1                        | D1 <- 1
  0x0094 | 04240000 00000001                   | CMP.b D1, #1                        | NZCV <- D1 - 1
  0x0096 | 60000000 0000009A                   | BEQ 0x9A                            | if Z == 1 then PC <- 0x9A
  0x0098 | 40000000 000000A9                   | JMP 0xA9                            | PC <- 0xA9
  0x009A | 03D84000 FFFFFFFB                   | MOV.l (A6:#-5), A0                  | A0 <- MEM[A6 + -5]
  0x009C | 03D82400 FFFFFFFA                   | MOV.l (A6:#-6), D1                  | D1 <- MEM[A6 + -6]
  0x009E | 03243400                            | MOV.l D1, D5                        | D5 <- D1
  0x009F | 03C12800                            | MOV.l (A0:D5), D2                   | D2 <- MEM[A0 + D5]
  0x00A0 | A3042800                            | OUT #4, D2                          | IO[4] <- D2
  0x00A1 | 03D82400 FFFFFFFA                   | MOV.l (A6:#-6), D1                  | D1 <- MEM[A6 + -6]
  0x00A3 | 2124E028 0000000F                   | ADD.l D1, (#15), D2                 | D2 <- D1 + MEM[15]
  0x00A5 | 0328D800 FFFFFFFA                   | MOV.l D2, (A6:#-6)                  | MEM[A6 + -6] <- D2
  0x00A7 | 40000000 00000089                   | JMP 0x89                            | PC <- 0x89
  0x00A9 | 03585C00                            | MOV.l A6, A7                        | A7 <- A6
  0x00AA | 039C5800                            | MOV.l (A7)+, A6                     | A6 <- MEM[A7++]
  0x00AB | 44000000                            | RET                                 | PC <- MEM[A7++]
log: |2-
   INFO [PC: 0   ] MOV.l #99999, A7          (Ticks: 1 -> 2)
   INFO   └─ [T2] Write to A7: Value = 99999
  DEBUG D: [[0, 0, 0, 0, 0, 0, 0, 0]] | A: [[0, 0, 0, 0, 0, 0, 0, 99999]]
   INFO [PC: 2   ] MOV.l #1000, A5           (Ticks: 3 -> 4)
   INFO   └─ [T4] Write to A5: Value = 1000
  DEBUG D: [[0, 0, 0, 0, 0, 0, 0, 0]] | A: [[0, 0, 0, 0, 0, 1000, 0, 99999]]
   INFO [PC: 4   ] CALL.b 7                  (Ticks: 5 -> 9)
   INFO   └─ [T9] Write: MEM[99998] = 6
  DEBUG D: [[0, 0, 0, 0, 0, 0, 0, 0]] | A: [[0, 0, 0, 0, 0, 1000, 0, 99998]]
   INFO [PC: 7   ] MOV.l A6, -(A7)           (Ticks: 10 -> 14)
   INFO   └─ [T13] Read: MEM[99997] = 0
   INFO   └─ [T14] Write: MEM[99997] = 0
  DEBUG D: [[0, 0, 0, 0, 0, 0, 0, 0]] | A: [[0, 0, 0, 0, 0, 1000, 0, 99997]]
   INFO [PC: 8   ] MOV.l A7, A6              (Ticks: 15 -> 16)
   INFO   └─ [T16] Write to A6: Value = 99997
  DEBUG D: [[0, 0, 0, 0, 0, 0, 0, 0]] | A: [[0, 0, 0, 0, 0, 1000, 99997, 99997]]
   INFO [PC: 9   ] SUB.l A7, #6, A7          (Ticks: 17 -> 18)
   INFO   └─ [T18] Write to A7: Value = 99991
  DEBUG D: [[0, 0, 0, 0, 0, 0, 0, 0]] | A: [[0, 0, 0, 0, 0, 1000, 99997, 99991]]
   INFO [PC: 11  ] ADD.l A5, #3, A5          (Ticks: 19 -> 20)
   INFO   └─ [T20] Write to A5: Value = 1003
  DEBUG D: [[0, 0, 0, 0, 0, 0, 0, 0]] | A: [[0, 0, 0, 0, 0, 1003, 99997, 99991]]
   INFO [PC: 13  ] AND.l A5, #-4, A5         (Ticks: 21 -> 22)
   INFO   └─ [T22] Write to A5: Value = 1000
  DEBUG D: [[0, 0, 0, 0, 0, 0, 0, 0]] | A: [[0, 0, 0, 0, 0, 1000, 99997, 99991]]
   INFO [PC: 15  ] MOV.l A5, A0              (Ticks: 23 -> 24)
   INFO   └─ [T24] Write to A0: Value = 1000
  DEBUG D: [[0, 0, 0, 0, 0, 0, 0, 0]] | A: [[1000, 0, 0, 0, 0, 1000, 99997, 99991]]
   INFO [PC: 16  ] ADD.l A5, #4, A5          (Ticks: 25 -> 26)
   INFO   └─ [T26] Write to A5: Value = 1004
  DEBUG D: [[0, 0, 0, 0, 0, 0, 0, 0]] | A: [[1000, 0, 0, 0, 0, 1004, 99997, 99991]]
   INFO [PC: 18  ] MOV.l (0), (A0, #0)       (Ticks: 27 -> 32)
   INFO   └─ [T29] Read: MEM[0] = 1
   INFO   └─ [T31] Read: MEM[1000] = 0
   INFO   └─ [T32] Write: MEM[1000] = 1
  DEBUG D: [[0, 0, 0, 0, 0, 0, 0, 0]] | A: [[1000, 0, 0, 0, 0, 1004, 99997, 99991]]
   INFO [PC: 21  ] MOV.l (1), (A0, #1)       (Ticks: 33 -> 38)
   INFO   └─ [T35] Read: MEM[1] = 2
   INFO   └─ [T37] Read: MEM[1001] = 0
   INFO   └─ [T38] Write: MEM[1001] = 2
  DEBUG D: [[0, 0, 0, 0, 0, 0, 0, 0]] | A: [[1000, 0, 0, 0, 0, 1004, 99997, 99991]]
   INFO [PC: 24  ] MOV.l (2), (A0, #2)       (Ticks: 39 -> 44)
   INFO   └─ [T41] Read: MEM[2] = 3
   INFO   └─ [T43] Read: MEM[1002] = 0
   INFO   └─ [T44] Write: MEM[1002] = 3
  DEBUG D: [[0, 0, 0, 0, 0, 0, 0, 0]] | A: [[1000, 0, 0, 0, 0, 1004, 99997, 99991]]
   INFO [PC: 27  ] MOV.l (3), (A0, #3)       (Ticks: 45 -> 50)
   INFO   └─ [T47] Read: MEM[3] = 4
   INFO   └─ [T49] Read: MEM[1003] = 0
   INFO   └─ [T50] Write: MEM[1003] = 4
  DEBUG D: [[0, 0, 0, 0, 0, 0, 0, 0]] | A: [[1000, 0, 0, 0, 0, 1004, 99997, 99991]]
   INFO [PC: 30  ] MOV.l A0, (A6, #-1)       (Ticks: 51 -> 55)
   INFO   └─ [T54] Read: MEM[99996] = 0
   INFO   └─ [T55] Write: MEM[99996] = 1000
  DEBUG D: [[0, 0, 0, 0, 0, 0, 0, 0]] | A: [[1000, 0, 0, 0, 0, 1004, 99997, 99991]]
   INFO [PC: 32  ] ADD.l A5, #3, A5          (Ticks: 56 -> 57)
   INFO   └─ [T57] Write to A5: Value = 1007
  DEBUG D: [[0, 0, 0, 0, 0, 0, 0, 0]] | A: [[1000, 0, 0, 0, 0, 1007, 99997, 99991]]
   INFO [PC: 34  ] AND.l A5, #-4, A5         (Ticks: 58 -> 59)
   INFO   └─ [T59] Write to A5: Value = 1004
  DEBUG D: [[0, 0, 0, 0, 0, 0, 0, 0]] | A: [[1000, 0, 0, 0, 0, 1004, 99997, 99991]]
   INFO [PC: 36  ] MOV.l A5, A0              (Ticks: 60 -> 61)
   INFO   └─ [T61] Write to A0: Value = 1004
  DEBUG D: [[0, 0, 0, 0, 0, 0, 0, 0]] | A: [[1004, 0, 0, 0, 0, 1004, 99997, 99991]]
   INFO [PC: 37  ] ADD.l A5, #4, A5          (Ticks: 62 -> 63)
   INFO   └─ [T63] Write to A5: Value = 1008
  DEBUG D: [[0, 0, 0, 0, 0, 0, 0, 0]] | A: [[1004, 0, 0, 0, 0, 1008, 99997, 99991]]
   INFO [PC: 39  ] MOV.l (4), (A0, #0)       (Ticks: 64 -> 69)
   INFO   └─ [T66] Read: MEM[4] = -1001
   INFO   └─ [T68] Read: MEM[1004] = 0
   INFO   └─ [T69] Write: MEM[1004] = -1001
  DEBUG D: [[0, 0, 0, 0, 0, 0, 0, 0]] | A: [[1004, 0, 0, 0, 0, 1008, 99997, 99991]]
   INFO [PC: 42  ] MOV.l (5), (A0, #1)       (Ticks: 70 -> 75)
   INFO   └─ [T72] Read: MEM[5] = 1002
   INFO   └─ [T74] Read: MEM[1005] = 0
   INFO   └─ [T75] Write: MEM[1005] = 1002
  DEBUG D: [[0, 0, 0, 0, 0, 0, 0, 0]] | A: [[1004, 0, 0, 0, 0, 1008, 99997, 99991]]
   INFO [PC: 45  ] MOV.l (6), (A0, #2)       (Ticks: 76 -> 81)
   INFO   └─ [T78] Read: MEM[6] = -1003
   INFO   └─ [T80] Read: MEM[1006] = 0
   INFO   └─ [T81] Write: MEM[1006] = -1003
  DEBUG D: [[0, 0, 0, 0, 0, 0, 0, 0]] | A: [[1004, 0, 0, 0, 0, 1008, 99997, 99991]]
   INFO [PC: 48  ] MOV.l (7), (A0, #3)       (Ticks: 82 -> 87)
   INFO   └─ [T84] Read: MEM[7] = 1004
   INFO   └─ [T86] Read: MEM[1007] = 0
   INFO   └─ [T87] Write: MEM[1007] = 1004
  DEBUG D: [[0, 0, 0, 0, 0, 0, 0, 0]] | A: [[1004, 0, 0, 0, 0, 1008, 99997, 99991]]
   INFO [PC: 51  ] MOV.l A0, (A6, #-2)       (Ticks: 88 -> 92)
   INFO   └─ [T91] Read: MEM[99995] = 0
   INFO   └─ [T92] Write: MEM[99995] = 1004
  DEBUG D: [[0, 0, 0, 0, 0, 0, 0, 0]] | A: [[1004, 0, 0, 0, 0, 1008, 99997, 99991]]
   INFO [PC: 53  ] ADD.l A5, #3, A5          (Ticks: 93 -> 94)
   INFO   └─ [T94] Write to A5: Value = 1011
  DEBUG D: [[0, 0, 0, 0, 0, 0, 0, 0]] | A: [[1004, 0, 0, 0, 0, 1011, 99997, 99991]]
   INFO [PC: 55  ] AND.l A5, #-4, A5         (Ticks: 95 -> 96)
   INFO   └─ [T96] Write to A5: Value = 1008
  DEBUG D: [[0, 0, 0, 0, 0, 0, 0, 0]] | A: [[1004, 0, 0, 0, 0, 1008, 99997, 99991]]
   INFO [PC: 57  ] MOV.l A5, A0              (Ticks: 97 -> 98)
   INFO   └─ [T98] Write to A0: Value = 1008
  DEBUG D: [[0, 0, 0, 0, 0, 0, 0, 0]] | A: [[1008, 0, 0, 0, 0, 1008, 99997, 99991]]
   INFO [PC: 58  ] ADD.l A5, #4, A5          (Ticks: 99 -> 100)
   INFO   └─ [T100] Write to A5: Value = 1012
  DEBUG D: [[0, 0, 0, 0, 0, 0, 0, 0]] | A: [[1008, 0, 0, 0, 0, 1012, 99997, 99991]]
   INFO [PC: 60  ] MOV.l (8), (A0, #0)       (Ticks: 101 -> 106)
   INFO   └─ [T103] Read: MEM[8] = 0
   INFO   └─ [T105] Read: MEM[1008] = 0
   INFO   └─ [T106] Write: MEM[1008] = 0
  DEBUG D: [[0, 0, 0, 0, 0, 0, 0, 0]] | A: [[1008, 0, 0, 0, 0, 1012, 99997, 99991]]
   INFO [PC: 63  ] MOV.l (9), (A0, #1)       (Ticks: 107 -> 112)
   INFO   └─ [T109] Read: MEM[9] = 500
   INFO   └─ [T111] Read: MEM[1009] = 0
   INFO   └─ [T112] Write: MEM[1009] = 500
  DEBUG D: [[0, 0, 0, 0, 0, 0, 0, 0]] | A: [[1008, 0, 0, 0, 0, 1012, 99997, 99991]]
   INFO [PC: 66  ] MOV.l (10), (A0, #2)      (Ticks: 113 -> 118)
   INFO   └─ [T115] Read: MEM[10] = -1000
   INFO   └─ [T117] Read: MEM[1010] = 0
   INFO   └─ [T118] Write: MEM[1010] = -1000
  DEBUG D: [[0, 0, 0, 0, 0, 0, 0, 0]] | A: [[1008, 0, 0, 0, 0, 1012, 99997, 99991]]
   INFO [PC: 69  ] MOV.l (11), (A0, #3)      (Ticks: 119 -> 124)
   INFO   └─ [T121] Read: MEM[11] = 1005
   INFO   └─ [T123] Read: MEM[1011] = 0
   INFO   └─ [T124] Write: MEM[1011] = 1005
  DEBUG D: [[0, 0, 0, 0, 0, 0, 0, 0]] | A: [[1008, 0, 0, 0, 0, 1012, 99997, 99991]]
   INFO [PC: 72  ] MOV.l A0, (A6, #-3)       (Ticks: 125 -> 129)
   INFO   └─ [T128] Read: MEM[99994] = 0
   INFO   └─ [T129] Write: MEM[99994] = 1008
  DEBUG D: [[0, 0, 0, 0, 0, 0, 0, 0]] | A: [[1008, 0, 0, 0, 0, 1012, 99997, 99991]]
   INFO [PC: 74  ] MOV.l A5, A0              (Ticks: 130 -> 131)
   INFO   └─ [T131] Write to A0: Value = 1012
  DEBUG D: [[0, 0, 0, 0, 0, 0, 0, 0]] | A: [[1012, 0, 0, 0, 0, 1012, 99997, 99991]]
   INFO [PC: 75  ] ADD.l A5, #4, A5          (Ticks: 132 -> 133)
   INFO   └─ [T133] Write to A5: Value = 1016
  DEBUG D: [[0, 0, 0, 0, 0, 0, 0, 0]] | A: [[1012, 0, 0, 0, 0, 1016, 99997, 99991]]
   INFO [PC: 77  ] VADD.l (A6, #-1), (A6, #-2), A0 (Ticks: 134 -> 140)
   INFO   └─ [T136] Read: MEM[99996] = 1000
   INFO   └─ [T138] Read: MEM[99995] = 1004
  DEBUG D: [[0, 0, 0, 0, 0, 0, 0, 0]] | A: [[1012, 0, 0, 0, 0, 1016, 99997, 99991]]
   INFO [PC: 80  ] MOV.l A0, (A6, #-4)       (Ticks: 141 -> 145)
   INFO   └─ [T144] Read: MEM[99993] = 0
   INFO   └─ [T145] Write: MEM[99993] = 1012
  DEBUG D: [[0, 0, 0, 0, 0, 0, 0, 0]] | A: [[1012, 0, 0, 0, 0, 1016, 99997, 99991]]
   INFO [PC: 82  ] MOV.l A5, A0              (Ticks: 146 -> 147)
   INFO   └─ [T147] Write to A0: Value = 1016
  DEBUG D: [[0, 0, 0, 0, 0, 0, 0, 0]] | A: [[1016, 0, 0, 0, 0, 1016, 99997, 99991]]
   INFO [PC: 83  ] ADD.l A5, #4, A5          (Ticks: 148 -> 149)
   INFO   └─ [T149] Write to A5: Value = 1020
  DEBUG D: [[0, 0, 0, 0, 0, 0, 0, 0]] | A: [[1016, 0, 0, 0, 0, 1020, 99997, 99991]]
   INFO [PC: 85  ] VCMPBGE.l (A6, #-4), (A6, #-3), A0 (Ticks: 150 -> 156)
   INFO   └─ [T152] Read: MEM[99993] = 1012
   INFO   └─ [T154] Read: MEM[99994] = 1008
  DEBUG D: [[0, 0, 0, 0, 0, 0, 0, 0]] | A: [[1016, 0, 0, 0, 0, 1020, 99997, 99991]]
   INFO [PC: 88  ] MOV.l A5, A1              (Ticks: 157 -> 158)
   INFO   └─ [T158] Write to A1: Value = 1020
  DEBUG D: [[0, 0, 0, 0, 0, 0, 0, 0]] | A: [[1016, 1020, 0, 0, 0, 1020, 99997, 99991]]
   INFO [PC: 89  ] ADD.l A5, #4, A5          (Ticks: 159 -> 160)
   INFO   └─ [T160] Write to A5: Value = 1024
  DEBUG D: [[0, 0, 0, 0, 0, 0, 0, 0]] | A: [[1016, 1020, 0, 0, 0, 1024, 99997, 99991]]
   INFO [PC: 91  ] VAND.l A0, (A6, #-4), A1  (Ticks: 161 -> 166)
   INFO   └─ [T164] Read: MEM[99993] = 1012
  DEBUG D: [[0, 0, 0, 0, 0, 0, 0, 0]] | A: [[1016, 1020, 0, 0, 0, 1024, 99997, 99991]]
   INFO [PC: 93  ] MOV.l A5, A0              (Ticks: 167 -> 168)
   INFO   └─ [T168] Write to A0: Value = 1024
  DEBUG D: [[0, 0, 0, 0, 0, 0, 0, 0]] | A: [[1024, 1020, 0, 0, 0, 1024, 99997, 99991]]
   INFO [PC: 94  ] ADD.l A5, #4, A5          (Ticks: 169 -> 170)
   INFO   └─ [T170] Write to A5: Value = 1028
  DEBUG D: [[0, 0, 0, 0, 0, 0, 0, 0]] | A: [[1024, 1020, 0, 0, 0, 1028, 99997, 99991]]
   INFO [PC: 96  ] VMUL.l A1, (A6, #-1), A0  (Ticks: 171 -> 176)
   INFO   └─ [T174] Read: MEM[99996] = 1000
  DEBUG D: [[0, 0, 0, 0, 0, 0, 0, 0]] | A: [[1024, 1020, 0, 0, 0, 1028, 99997, 99991]]
   INFO [PC: 98  ] MOV.l A0, (A6, #-5)       (Ticks: 177 -> 181)
   INFO   └─ [T180] Read: MEM[99992] = 0
   INFO   └─ [T181] Write: MEM[99992] = 1024
  DEBUG D: [[0, 0, 0, 0, 0, 0, 0, 0]] | A: [[1024, 1020, 0, 0, 0, 1028, 99997, 99991]]
   INFO [PC: 100 ] MOV.l (12), (A6, #-6)     (Ticks: 182 -> 187)
   INFO   └─ [T184] Read: MEM[12] = 0
   INFO   └─ [T186] Read: MEM[99991] = 0
   INFO   └─ [T187] Write: MEM[99991] = 0
  DEBUG D: [[0, 0, 0, 0, 0, 0, 0, 0]] | A: [[1024, 1020, 0, 0, 0, 1028, 99997, 99991]]
   INFO [PC: 103 ] JMP.b 137                 (Ticks: 188 -> 189)
  DEBUG D: [[0, 0, 0, 0, 0, 0, 0, 0]] | A: [[1024, 1020, 0, 0, 0, 1028, 99997, 99991]]
   INFO [PC: 137 ] CMP.l (14), (A6, #-6)     (Ticks: 190 -> 194)
   INFO   └─ [T192] Read: MEM[14] = 4
   INFO   └─ [T194] Read: MEM[99991] = 0
  DEBUG D: [[0, 0, 0, 0, 0, 0, 0, 0]] | A: [[1024, 1020, 0, 0, 0, 1028, 99997, 99991]]
   INFO [PC: 140 ] BLT.b 146                 (Ticks: 195 -> 196)
   INFO   └─ [T196] Branch taken
  DEBUG D: [[0, 0, 0, 0, 0, 0, 0, 0]] | A: [[1024, 1020, 0, 0, 0, 1028, 99997, 99991]]
   INFO [PC: 146 ] MOV.l #1, D1              (Ticks: 197 -> 198)
   INFO   └─ [T198] Write to D1: Value = 1
  DEBUG D: [[0, 1, 0, 0, 0, 0, 0, 0]] | A: [[1024, 1020, 0, 0, 0, 1028, 99997, 99991]]
   INFO [PC: 148 ] CMP.b D1, #1              (Ticks: 199 -> 201)
  DEBUG D: [[0, 1, 0, 0, 0, 0, 0, 0]] | A: [[1024, 1020, 0, 0, 0, 1028, 99997, 99991]]
   INFO [PC: 150 ] BEQ.b 154                 (Ticks: 202 -> 203)
   INFO   └─ [T203] Branch taken
  DEBUG D: [[0, 1, 0, 0, 0, 0, 0, 0]] | A: [[1024, 1020, 0, 0, 0, 1028, 99997, 99991]]
   INFO [PC: 154 ] MOV.l (A6, #-5), A0       (Ticks: 204 -> 207)
   INFO   └─ [T206] Read: MEM[99992] = 1024
   INFO   └─ [T207] Write to A0: Value = 1024
  DEBUG D: [[0, 1, 0, 0, 0, 0, 0, 0]] | A: [[1024, 1020, 0, 0, 0, 1028, 99997, 99991]]
   INFO [PC: 156 ] MOV.l (A6, #-6), D1       (Ticks: 208 -> 211)
   INFO   └─ [T210] Read: MEM[99991] = 0
   INFO   └─ [T211] Write to D1: Value = 0
  DEBUG D: [[0, 0, 0, 0, 0, 0, 0, 0]] | A: [[1024, 1020, 0, 0, 0, 1028, 99997, 99991]]
   INFO [PC: 158 ] MOV.l D1, D5              (Ticks: 212 -> 213)
   INFO   └─ [T213] Write to D5: Value = 0
  DEBUG D: [[0, 0, 0, 0, 0, 0, 0, 0]] | A: [[1024, 1020, 0, 0, 0, 1028, 99997, 99991]]
   INFO [PC: 159 ] MOV.l (A0, D5), D2        (Ticks: 214 -> 217)
   INFO   └─ [T216] Read: MEM[1024] = -1000
   INFO   └─ [T217] Write to D2: Value = -1000
  DEBUG D: [[0, 0, -1000, 0, 0, 0, 0, 0]] | A: [[1024, 1020, 0, 0, 0, 1028, 99997, 99991]]
   INFO [PC: 160 ] OUT.l #4, D2              (Ticks: 218 -> 219)
   INFO   └─ [T219] OUT to port #4: Value = -1000
  DEBUG D: [[0, 0, -1000, 0, 0, 0, 0, 0]] | A: [[1024, 1020, 0, 0, 0, 1028, 99997, 99991]]
   INFO [PC: 161 ] MOV.l (A6, #-6), D1       (Ticks: 220 -> 223)
   INFO   └─ [T222] Read: MEM[99991] = 0
   INFO   └─ [T223] Write to D1: Value = 0
  DEBUG D: [[0, 0, -1000, 0, 0, 0, 0, 0]] | A: [[1024, 1020, 0, 0, 0, 1028, 99997, 99991]]
   INFO [PC: 163 ] ADD.l D1, (15), D2        (Ticks: 224 -> 228)
   INFO   └─ [T227] Read: MEM[15] = 1
   INFO   └─ [T228] Write to D2: Value = 1
  DEBUG D: [[0, 0, 1, 0, 0, 0, 0, 0]] | A: [[1024, 1020, 0, 0, 0, 1028, 99997, 99991]]
   INFO [PC: 165 ] MOV.l D2, (A6, #-6)       (Ticks: 229 -> 233)
   INFO   └─ [T232] Read: MEM[99991] = 0
   INFO   └─ [T233] Write: MEM[99991] = 1
  DEBUG D: [[0, 0, 1, 0, 0, 0, 0, 0]] | A: [[1024, 1020, 0, 0, 0, 1028, 99997, 99991]]
   INFO [PC: 167 ] JMP.b 137                 (Ticks: 234 -> 235)
  DEBUG D: [[0, 0, 1, 0, 0, 0, 0, 0]] | A: [[1024, 1020, 0, 0, 0, 1028, 99997, 99991]]
   INFO [PC: 137 ] CMP.l (14), (A6, #-6)     (Ticks: 236 -> 240)
   INFO   └─ [T238] Read: MEM[14] = 4
   INFO   └─ [T240] Read: MEM[99991] = 1
  DEBUG D: [[0, 0, 1, 0, 0, 0, 0, 0]] | A: [[1024, 1020, 0, 0, 0, 1028, 99997, 99991]]
   INFO [PC: 140 ] BLT.b 146                 (Ticks: 241 -> 242)
   INFO   └─ [T242] Branch taken
  DEBUG D: [[0, 0, 1, 0, 0, 0, 0, 0]] | A: [[1024, 1020, 0, 0, 0, 1028, 99997, 99991]]
   INFO [PC: 146 ] MOV.l #1, D1              (Ticks: 243 -> 244)
   INFO   └─ [T244] Write to D1: Value = 1
  DEBUG D: [[0, 1, 1, 0, 0, 0, 0, 0]] | A: [[1024, 1020, 0, 0, 0, 1028, 99997, 99991]]
   INFO [PC: 148 ] CMP.b D1, #1              (Ticks: 245 -> 247)
  DEBUG D: [[0, 1, 1, 0, 0, 0, 0, 0]] | A: [[1024, 1020, 0, 0, 0, 1028, 99997, 99991]]
   INFO [PC: 150 ] BEQ.b 154                 (Ticks: 248 -> 249)
   INFO   └─ [T249] Branch taken
  DEBUG D: [[0, 1, 1, 0, 0, 0, 0, 0]] | A: [[1024, 1020, 0, 0, 0, 1028, 99997, 99991]]
   INFO [PC: 154 ] MOV.l (A6, #-5), A0       (Ticks: 250 -> 253)
   INFO   └─ [T252] Read: MEM[99992] = 1024
   INFO   └─ [T253] Write to A0: Value = 1024
  DEBUG D: [[0, 1, 1, 0, 0, 0, 0, 0]] | A: [[1024, 1020, 0, 0, 0, 1028, 99997, 99991]]
   INFO [PC: 156 ] MOV.l (A6, #-6), D1       (Ticks: 254 -> 257)
   INFO   └─ [T256] Read: MEM[99991] = 1
   INFO   └─ [T257] Write to D1: Value = 1
  DEBUG D: [[0, 1, 1, 0, 0, 0, 0, 0]] | A: [[1024, 1020, 0, 0, 0, 1028, 99997, 99991]]
   INFO [PC: 158 ] MOV.l D1, D5              (Ticks: 258 -> 259)
   INFO   └─ [T259] Write to D5: Value = 1
  DEBUG D: [[0, 1, 1, 0, 0, 1, 0, 0]] | A: [[1024, 1020, 0, 0, 0, 1028, 99997, 99991]]
   INFO [PC: 159 ] MOV.l (A0, D5), D2        (Ticks: 260 -> 263)
   INFO   └─ [T262] Read: MEM[1025] = 0
   INFO   └─ [T263] Write to D2: Value = 0
  DEBUG D: [[0, 1, 0, 0, 0, 1, 0, 0]] | A: [[1024, 1020, 0, 0, 0, 1028, 99997, 99991]]
   INFO [PC: 160 ] OUT.l #4, D2              (Ticks: 264 -> 265)
   INFO   └─ [T265] OUT to port #4: Value = 0
  DEBUG D: [[0, 1, 0, 0, 0, 1, 0, 0]] | A: [[1024, 1020, 0, 0, 0, 1028, 99997, 99991]]
   INFO [PC: 161 ] MOV.l (A6, #-6), D1       (Ticks: 266 -> 269)
   INFO   └─ [T268] Read: MEM[99991] = 1
   INFO   └─ [T269] Write to D1: Value = 1
  DEBUG D: [[0, 1, 0, 0, 0, 1, 0, 0]] | A: [[1024, 1020, 0, 0, 0, 1028, 99997, 99991]]
   INFO [PC: 163 ] ADD.l D1, (15), D2        (Ticks: 270 -> 274)
   INFO   └─ [T273] Read: MEM[15] = 1
   INFO   └─ [T274] Write to D2: Value = 2
  DEBUG D: [[0, 1, 2, 0, 0, 1, 0, 0]] | A: [[1024, 1020, 0, 0, 0, 1028, 99997, 99991]]
   INFO [PC: 165 ] MOV.l D2, (A6, #-6)       (Ticks: 275 -> 279)
   INFO   └─ [T278] Read: MEM[99991] = 1
   INFO   └─ [T279] Write: MEM[99991] = 2
  DEBUG D: [[0, 1, 2, 0, 0, 1, 0, 0]] | A: [[1024, 1020, 0, 0, 0, 1028, 99997, 99991]]
   INFO [PC: 167 ] JMP.b 137                 (Ticks: 280 -> 281)
  DEBUG D: [[0, 1, 2, 0, 0, 1, 0, 0]] | A: [[1024, 1020, 0, 0, 0, 1028, 99997, 99991]]
   INFO [PC: 137 ] CMP.l (14), (A6, #-6)     (Ticks: 282 -> 286)
   INFO   └─ [T284] Read: MEM[14] = 4
   INFO   └─ [T286] Read: MEM[99991] = 2
  DEBUG D: [[0, 1, 2, 0, 0, 1, 0, 0]] | A: [[1024, 1020, 0, 0, 0, 1028, 99997, 99991]]
   INFO [PC: 140 ] BLT.b 146                 (Ticks: 287 -> 288)
   INFO   └─ [T288] Branch taken
  DEBUG D: [[0, 1, 2, 0, 0, 1, 0, 0]] | A: [[1024, 1020, 0, 0, 0, 1028, 99997, 99991]]
   INFO [PC: 146 ] MOV.l #1, D1              (Ticks: 289 -> 290)
   INFO   └─ [T290] Write to D1: Value = 1
  DEBUG D: [[0, 1, 2, 0, 0, 1, 0, 0]] | A: [[1024, 1020, 0, 0, 0, 1028, 99997, 99991]]
   INFO [PC: 148 ] CMP.b D1, #1              (Ticks: 291 -> 293)
  DEBUG D: [[0, 1, 2, 0, 0, 1, 0, 0]] | A: [[1024, 1020, 0, 0, 0, 1028, 99997, 99991]]
   INFO [PC: 150 ] BEQ.b 154                 (Ticks: 294 -> 295)
   INFO   └─ [T295] Branch taken
  DEBUG D: [[0, 1, 2, 0, 0, 1, 0, 0]] | A: [[1024, 1020, 0, 0, 0, 1028, 99997, 99991]]
   INFO [PC: 154 ] MOV.l (A6, #-5), A0       (Ticks: 296 -> 299)
   INFO   └─ [T298] Read: MEM[99992] = 1024
   INFO   └─ [T299] Write to A0: Value = 1024
  DEBUG D: [[0, 1, 2, 0, 0, 1, 0, 0]] | A: [[1024, 1020, 0, 0, 0, 1028, 99997, 99991]]
   INFO [PC: 156 ] MOV.l (A6, #-6), D1       (Ticks: 300 -> 303)
   INFO   └─ [T302] Read: MEM[99991] = 2
   INFO   └─ [T303] Write to D1: Value = 2
  DEBUG D: [[0, 2, 2, 0, 0, 1, 0, 0]] | A: [[1024, 1020, 0, 0, 0, 1028, 99997, 99991]]
   INFO [PC: 158 ] MOV.l D1, D5              (Ticks: 304 -> 305)
   INFO   └─ [T305] Write to D5: Value = 2
  DEBUG D: [[0, 2, 2, 0, 0, 2, 0, 0]] | A: [[1024, 1020, 0, 0, 0, 1028, 99997, 99991]]
   INFO [PC: 159 ] MOV.l (A0, D5), D2        (Ticks: 306 -> 309)
   INFO   └─ [T308] Read: MEM[1026] = -3000
   INFO   └─ [T309] Write to D2: Value = -3000
  DEBUG D: [[0, 2, -3000, 0, 0, 2, 0, 0]] | A: [[1024, 1020, 0, 0, 0, 1028, 99997, 99991]]
   INFO [PC: 160 ] OUT.l #4, D2              (Ticks: 310 -> 311)
   INFO   └─ [T311] OUT to port #4: Value = -3000
  DEBUG D: [[0, 2, -3000, 0, 0, 2, 0, 0]] | A: [[1024, 1020, 0, 0, 0, 1028, 99997, 99991]]
   INFO [PC: 161 ] MOV.l (A6, #-6), D1       (Ticks: 312 -> 315)
   INFO   └─ [T314] Read: MEM[99991] = 2
   INFO   └─ [T315] Write to D1: Value = 2
  DEBUG D: [[0, 2, -3000, 0, 0, 2, 0, 0]] | A: [[1024, 1020, 0, 0, 0, 1028, 99997, 99991]]
   INFO [PC: 163 ] ADD.l D1, (15), D2        (Ticks: 316 -> 320)
   INFO   └─ [T319] Read: MEM[15] = 1
   INFO   └─ [T320] Write to D2: Value = 3
  DEBUG D: [[0, 2, 3, 0, 0, 2, 0, 0]] | A: [[1024, 1020, 0, 0, 0, 1028, 99997, 99991]]
   INFO [PC: 165 ] MOV.l D2, (A6, #-6)       (Ticks: 321 -> 325)
   INFO   └─ [T324] Read: MEM[99991] = 2
   INFO   └─ [T325] Write: MEM[99991] = 3
  DEBUG D: [[0, 2, 3, 0, 0, 2, 0, 0]] | A: [[1024, 1020, 0, 0, 0, 1028, 99997, 99991]]
   INFO [PC: 167 ] JMP.b 137                 (Ticks: 326 -> 327)
  DEBUG D: [[0, 2, 3, 0, 0, 2, 0, 0]] | A: [[1024, 1020, 0, 0, 0, 1028, 99997, 99991]]
   INFO [PC: 137 ] CMP.l (14), (A6, #-6)     (Ticks: 328 -> 332)
   INFO   └─ [T330] Read: MEM[14] = 4
   INFO   └─ [T332] Read: MEM[99991] = 3
  DEBUG D: [[0, 2, 3, 0, 0, 2, 0, 0]] | A: [[1024, 1020, 0, 0, 0, 1028, 99997, 99991]]
   INFO [PC: 140 ] BLT.b 146                 (Ticks: 333 -> 334)
   INFO   └─ [T334] Branch taken
  DEBUG D: [[0, 2, 3, 0, 0, 2, 0, 0]] | A: [[1024, 1020, 0, 0, 0, 1028, 99997, 99991]]
   INFO [PC: 146 ] MOV.l #1, D1              (Ticks: 335 -> 336)
   INFO   └─ [T336] Write to D1: Value = 1
  DEBUG D: [[0, 1, 3, 0, 0, 2, 0, 0]] | A: [[1024, 1020, 0, 0, 0, 1028, 99997, 99991]]
   INFO [PC: 148 ] CMP.b D1, #1              (Ticks: 337 -> 339)
  DEBUG D: [[0, 1, 3, 0, 0, 2, 0, 0]] | A: [[1024, 1020, 0, 0, 0, 1028, 99997, 99991]]
   INFO [PC: 150 ] BEQ.b 154                 (Ticks: 340 -> 341)
   INFO   └─ [T341] Branch taken
  DEBUG D: [[0, 1, 3, 0, 0, 2, 0, 0]] | A: [[1024, 1020, 0, 0, 0, 1028, 99997, 99991]]
   INFO [PC: 154 ] MOV.l (A6, #-5), A0       (Ticks: 342 -> 345)
   INFO   └─ [T344] Read: MEM[99992] = 1024
   INFO   └─ [T345] Write to A0: Value = 1024
  DEBUG D: [[0, 1, 3, 0, 0, 2, 0, 0]] | A: [[1024, 1020, 0, 0, 0, 1028, 99997, 99991]]
   INFO [PC: 156 ] MOV.l (A6, #-6), D1       (Ticks: 346 -> 349)
   INFO   └─ [T348] Read: MEM[99991] = 3
   INFO   └─ [T349] Write to D1: Value = 3
  DEBUG D: [[0, 3, 3, 0, 0, 2, 0, 0]] | A: [[1024, 1020, 0, 0, 0, 1028, 99997, 99991]]
   INFO [PC: 158 ] MOV.l D1, D5              (Ticks: 350 -> 351)
   INFO   └─ [T351] Write to D5: Value = 3
  DEBUG D: [[0, 3, 3, 0, 0, 3, 0, 0]] | A: [[1024, 1020, 0, 0, 0, 1028, 99997, 99991]]
   INFO [PC: 159 ] MOV.l (A0, D5), D2        (Ticks: 352 -> 355)
   INFO   └─ [T354] Read: MEM[1027] = 0
   INFO   └─ [T355] Write to D2: Value = 0
  DEBUG D: [[0, 3, 0, 0, 0, 3, 0, 0]] | A: [[1024, 1020, 0, 0, 0, 1028, 99997, 99991]]
   INFO [PC: 160 ] OUT.l #4, D2              (Ticks: 356 -> 357)
   INFO   └─ [T357] OUT to port #4: Value = 0
  DEBUG D: [[0, 3, 0, 0, 0, 3, 0, 0]] | A: [[1024, 1020, 0, 0, 0, 1028, 99997, 99991]]
   INFO [PC: 161 ] MOV.l (A6, #-6), D1       (Ticks: 358 -> 361)
   INFO   └─ [T360] Read: MEM[99991] = 3
   INFO   └─ [T361] Write to D1: Value = 3
  DEBUG D: [[0, 3, 0, 0, 0, 3, 0, 0]] | A: [[1024, 1020, 0, 0, 0, 1028, 99997, 99991]]
   INFO [PC: 163 ] ADD.l D1, (15), D2        (Ticks: 362 -> 366)
   INFO   └─ [T365] Read: MEM[15] = 1
   INFO   └─ [T366] Write to D2: Value = 4
  DEBUG D: [[0, 3, 4, 0, 0, 3, 0, 0]] | A: [[1024, 1020, 0, 0, 0, 1028, 99997, 99991]]
   INFO [PC: 165 ] MOV.l D2, (A6, #-6)       (Ticks: 367 -> 371)
   INFO   └─ [T370] Read: MEM[99991] = 3
   INFO   └─ [T371] Write: MEM[99991] = 4
  DEBUG D: [[0, 3, 4, 0, 0, 3, 0, 0]] | A: [[1024, 1020, 0, 0, 0, 1028, 99997, 99991]]
   INFO [PC: 167 ] JMP.b 137                 (Ticks: 372 -> 373)
  DEBUG D: [[0, 3, 4, 0, 0, 3, 0, 0]] | A: [[1024, 1020, 0, 0, 0, 1028, 99997, 99991]]
   INFO [PC: 137 ] CMP.l (14), (A6, #-6)     (Ticks: 374 -> 378)
   INFO   └─ [T376] Read: MEM[14] = 4
   INFO   └─ [T378] Read: MEM[99991] = 4
  DEBUG D: [[0, 3, 4, 0, 0, 3, 0, 0]] | A: [[1024, 1020, 0, 0, 0, 1028, 99997, 99991]]
   INFO [PC: 140 ] BLT.b 146                 (Ticks: 379 -> 380)
   INFO   └─ [T380] Branch skipped
  DEBUG D: [[0, 3, 4, 0, 0, 3, 0, 0]] | A: [[1024, 1020, 0, 0, 0, 1028, 99997, 99991]]
   INFO [PC: 142 ] MOV.l #0, D1              (Ticks: 381 -> 382)
   INFO   └─ [T382] Write to D1: Value = 0
  DEBUG D: [[0, 0, 4, 0, 0, 3, 0, 0]] | A: [[1024, 1020, 0, 0, 0, 1028, 99997, 99991]]
   INFO [PC: 144 ] JMP.b 148                 (Ticks: 383 -> 384)
  DEBUG D: [[0, 0, 4, 0, 0, 3, 0, 0]] | A: [[1024, 1020, 0, 0, 0, 1028, 99997, 99991]]
   INFO [PC: 148 ] CMP.b D1, #1              (Ticks: 385 -> 387)
  DEBUG D: [[0, 0, 4, 0, 0, 3, 0, 0]] | A: [[1024, 1020, 0, 0, 0, 1028, 99997, 99991]]
   INFO [PC: 150 ] BEQ.b 154                 (Ticks: 388 -> 389)
   INFO   └─ [T389] Branch skipped
  DEBUG D: [[0, 0, 4, 0, 0, 3, 0, 0]] | A: [[1024, 1020, 0, 0, 0, 1028, 99997, 99991]]
   INFO [PC: 152 ] JMP.b 169                 (Ticks: 390 -> 391)
  DEBUG D: [[0, 0, 4, 0, 0, 3, 0, 0]] | A: [[1024, 1020, 0, 0, 0, 1028, 99997, 99991]]
   INFO [PC: 169 ] MOV.l A6, A7              (Ticks: 392 -> 393)
   INFO   └─ [T393] Write to A7: Value = 99997
  DEBUG D: [[0, 0, 4, 0, 0, 3, 0, 0]] | A: [[1024, 1020, 0, 0, 0, 1028, 99997, 99997]]
   INFO [PC: 170 ] MOV.l (A7)+, A6           (Ticks: 394 -> 397)
   INFO   └─ [T396] Read: MEM[99997] = 0
   INFO   └─ [T397] Write to A6: Value = 0
  DEBUG D: [[0, 0, 4, 0, 0, 3, 0, 0]] | A: [[1024, 1020, 0, 0, 0, 1028, 0, 99998]]
   INFO [PC: 171 ] RET.b                     (Ticks: 398 -> 400)
   INFO   └─ [T400] Read: MEM[99998] = 6
   INFO   └─ [T400] Returning to 6
  DEBUG D: [[0, 0, 4, 0, 0, 3, 0, 0]] | A: [[1024, 1020, 0, 0, 0, 1028, 0, 99999]]
   INFO Result: D0 = 0
